🚀 Starting Excel to PostgreSQL Migration...
✅ Connected to database washdata_db
📁 Found 365 Excel files
✅ project0/dataschema/April/washdata_01042023.xlsx: Migrated 23 records
✅ project0/dataschema/April/washdata_02042023.xlsx: Migrated 12 records
✅ project0/dataschema/April/washdata_03042023.xlsx: Migrated 10 records
✅ project0/dataschema/April/washdata_04042023.xlsx: Migrated 22 records
✅ project0/dataschema/April/washdata_05042023.xlsx: Migrated 16 records
✅ project0/dataschema/April/washdata_06042023.xlsx: Migrated 20 records
✅ project0/dataschema/April/washdata_07042023.xlsx: Migrated 11 records
✅ project0/dataschema/April/washdata_08042023.xlsx: Migrated 24 records
✅ project0/dataschema/April/washdata_09042023.xlsx: Migrated 9 records
✅ project0/dataschema/April/washdata_10042023.xlsx: Migrated 11 records
✅ project0/dataschema/April/washdata_11042023.xlsx: Migrated 15 records
✅ project0/dataschema/April/washdata_12042023.xlsx: Migrated 23 records
✅ project0/dataschema/April/washdata_13042023.xlsx: Migrated 17 records
✅ project0/dataschema/April/washdata_14042023.xlsx: Migrated 15 records
✅ project0/dataschema/April/washdata_15042023.xlsx: Migrated 23 records
✅ project0/dataschema/April/washdata_16042023.xlsx: Migrated 21 records
✅ project0/dataschema/April/washdata_17042023.xlsx: Migrated 16 records
✅ project0/dataschema/April/washdata_18042023.xlsx: Migrated 9 records
✅ project0/dataschema/April/washdata_19042023.xlsx: Migrated 24 records
✅ project0/dataschema/April/washdata_20042023.xlsx: Migrated 11 records
✅ project0/dataschema/April/washdata_21042023.xlsx: Migrated 20 records
✅ project0/dataschema/April/washdata_22042023.xlsx: Migrated 21 records
✅ project0/dataschema/April/washdata_23042023.xlsx: Migrated 15 records
✅ project0/dataschema/April/washdata_24042023.xlsx: Migrated 17 records
✅ project0/dataschema/April/washdata_25042023.xlsx: Migrated 23 records
✅ project0/dataschema/April/washdata_26042023.xlsx: Migrated 12 records
✅ project0/dataschema/April/washdata_27042023.xlsx: Migrated 8 records
✅ project0/dataschema/April/washdata_28042023.xlsx: Migrated 22 records
✅ project0/dataschema/April/washdata_29042023.xlsx: Migrated 11 records
✅ project0/dataschema/April/washdata_30042023.xlsx: Migrated 24 records
✅ project0/dataschema/August/washdata_01082023.xlsx: Migrated 19 records
✅ project0/dataschema/August/washdata_02082023.xlsx: Migrated 8 records
✅ project0/dataschema/August/washdata_03082023.xlsx: Migrated 20 records
✅ project0/dataschema/August/washdata_04082023.xlsx: Migrated 13 records
✅ project0/dataschema/August/washdata_05082023.xlsx: Migrated 14 records
✅ project0/dataschema/August/washdata_06082023.xlsx: Migrated 15 records
✅ project0/dataschema/August/washdata_07082023.xlsx: Migrated 17 records
✅ project0/dataschema/August/washdata_08082023.xlsx: Migrated 21 records
✅ project0/dataschema/August/washdata_09082023.xlsx: Migrated 8 records
✅ project0/dataschema/August/washdata_10082023.xlsx: Migrated 14 records
✅ project0/dataschema/August/washdata_11082023.xlsx: Migrated 21 records
✅ project0/dataschema/August/washdata_12082023.xlsx: Migrated 18 records
✅ project0/dataschema/August/washdata_13082023.xlsx: Migrated 13 records
✅ project0/dataschema/August/washdata_14082023.xlsx: Migrated 20 records
✅ project0/dataschema/August/washdata_15082023.xlsx: Migrated 9 records
✅ project0/dataschema/August/washdata_16082023.xlsx: Migrated 14 records
✅ project0/dataschema/August/washdata_17082023.xlsx: Migrated 14 records
✅ project0/dataschema/August/washdata_18082023.xlsx: Migrated 22 records
✅ project0/dataschema/August/washdata_19082023.xlsx: Migrated 14 records
✅ project0/dataschema/August/washdata_20082023.xlsx: Migrated 10 records
✅ project0/dataschema/August/washdata_21082023.xlsx: Migrated 15 records
✅ project0/dataschema/August/washdata_22082023.xlsx: Migrated 22 records
✅ project0/dataschema/August/washdata_23082023.xlsx: Migrated 23 records
✅ project0/dataschema/August/washdata_24082023.xlsx: Migrated 13 records
✅ project0/dataschema/August/washdata_25082023.xlsx: Migrated 16 records
✅ project0/dataschema/August/washdata_26082023.xlsx: Migrated 13 records
✅ project0/dataschema/August/washdata_27082023.xlsx: Migrated 13 records
✅ project0/dataschema/August/washdata_28082023.xlsx: Migrated 8 records
✅ project0/dataschema/August/washdata_29082023.xlsx: Migrated 13 records
✅ project0/dataschema/August/washdata_30082023.xlsx: Migrated 17 records
✅ project0/dataschema/August/washdata_31082023.xlsx: Migrated 21 records
✅ project0/dataschema/December/washdata_01122023.xlsx: Migrated 15 records
✅ project0/dataschema/December/washdata_02122023.xlsx: Migrated 21 records
✅ project0/dataschema/December/washdata_03122023.xlsx: Migrated 14 records
✅ project0/dataschema/December/washdata_04122023.xlsx: Migrated 11 records
✅ project0/dataschema/December/washdata_05122023.xlsx: Migrated 20 records
✅ project0/dataschema/December/washdata_06122023.xlsx: Migrated 10 records
✅ project0/dataschema/December/washdata_07122023.xlsx: Migrated 13 records
✅ project0/dataschema/December/washdata_08122023.xlsx: Migrated 13 records
✅ project0/dataschema/December/washdata_09122023.xlsx: Migrated 21 records
✅ project0/dataschema/December/washdata_10122023.xlsx: Migrated 8 records
✅ project0/dataschema/December/washdata_11122023.xlsx: Migrated 20 records
✅ project0/dataschema/December/washdata_12122023.xlsx: Migrated 17 records
✅ project0/dataschema/December/washdata_13122023.xlsx: Migrated 11 records
✅ project0/dataschema/December/washdata_14122023.xlsx: Migrated 17 records
✅ project0/dataschema/December/washdata_15122023.xlsx: Migrated 21 records
✅ project0/dataschema/December/washdata_16122023.xlsx: Migrated 14 records
✅ project0/dataschema/December/washdata_17122023.xlsx: Migrated 17 records
✅ project0/dataschema/December/washdata_18122023.xlsx: Migrated 20 records
✅ project0/dataschema/December/washdata_19122023.xlsx: Migrated 9 records
✅ project0/dataschema/December/washdata_20122023.xlsx: Migrated 20 records
✅ project0/dataschema/December/washdata_21122023.xlsx: Migrated 15 records
✅ project0/dataschema/December/washdata_22122023.xlsx: Migrated 13 records
✅ project0/dataschema/December/washdata_23122023.xlsx: Migrated 22 records
✅ project0/dataschema/December/washdata_24122023.xlsx: Migrated 12 records
✅ project0/dataschema/December/washdata_25122023.xlsx: Migrated 10 records
✅ project0/dataschema/December/washdata_26122023.xlsx: Migrated 24 records
✅ project0/dataschema/December/washdata_27122023.xlsx: Migrated 11 records
✅ project0/dataschema/December/washdata_28122023.xlsx: Migrated 9 records
✅ project0/dataschema/December/washdata_29122023.xlsx: Migrated 15 records
✅ project0/dataschema/December/washdata_30122023.xlsx: Migrated 9 records
✅ project0/dataschema/December/washdata_31122023.xlsx: Migrated 23 records
✅ project0/dataschema/February/washdata_01022023.xlsx: Migrated 20 records
✅ project0/dataschema/February/washdata_02022023.xlsx: Migrated 21 records
✅ project0/dataschema/February/washdata_03022023.xlsx: Migrated 11 records
✅ project0/dataschema/February/washdata_04022023.xlsx: Migrated 12 records
✅ project0/dataschema/February/washdata_05022023.xlsx: Migrated 16 records
✅ project0/dataschema/February/washdata_06022023.xlsx: Migrated 19 records
✅ project0/dataschema/February/washdata_07022023.xlsx: Migrated 13 records
✅ project0/dataschema/February/washdata_08022023.xlsx: Migrated 10 records
✅ project0/dataschema/February/washdata_09022023.xlsx: Migrated 19 records
✅ project0/dataschema/February/washdata_10022023.xlsx: Migrated 21 records
✅ project0/dataschema/February/washdata_11022023.xlsx: Migrated 10 records
✅ project0/dataschema/February/washdata_12022023.xlsx: Migrated 19 records
✅ project0/dataschema/February/washdata_13022023.xlsx: Migrated 17 records
✅ project0/dataschema/February/washdata_14022023.xlsx: Migrated 8 records
✅ project0/dataschema/February/washdata_15022023.xlsx: Migrated 21 records
✅ project0/dataschema/February/washdata_16022023.xlsx: Migrated 10 records
✅ project0/dataschema/February/washdata_17022023.xlsx: Migrated 23 records
✅ project0/dataschema/February/washdata_18022023.xlsx: Migrated 17 records
✅ project0/dataschema/February/washdata_19022023.xlsx: Migrated 9 records
✅ project0/dataschema/February/washdata_20022023.xlsx: Migrated 14 records
✅ project0/dataschema/February/washdata_21022023.xlsx: Migrated 12 records
✅ project0/dataschema/February/washdata_22022023.xlsx: Migrated 15 records
✅ project0/dataschema/February/washdata_23022023.xlsx: Migrated 8 records
✅ project0/dataschema/February/washdata_24022023.xlsx: Migrated 12 records
✅ project0/dataschema/February/washdata_25022023.xlsx: Migrated 23 records
✅ project0/dataschema/February/washdata_26022023.xlsx: Migrated 12 records
✅ project0/dataschema/February/washdata_27022023.xlsx: Migrated 19 records
✅ project0/dataschema/February/washdata_28022023.xlsx: Migrated 11 records
✅ project0/dataschema/January/washdata_01012023.xlsx: Migrated 17 records
✅ project0/dataschema/January/washdata_02012023.xlsx: Migrated 11 records
✅ project0/dataschema/January/washdata_03012023.xlsx: Migrated 10 records
✅ project0/dataschema/January/washdata_04012023.xlsx: Migrated 14 records
✅ project0/dataschema/January/washdata_05012023.xlsx: Migrated 14 records
✅ project0/dataschema/January/washdata_06012023.xlsx: Migrated 10 records
✅ project0/dataschema/January/washdata_07012023.xlsx: Migrated 8 records
✅ project0/dataschema/January/washdata_08012023.xlsx: Migrated 11 records
✅ project0/dataschema/January/washdata_09012023.xlsx: Migrated 17 records
✅ project0/dataschema/January/washdata_10012023.xlsx: Migrated 12 records
✅ project0/dataschema/January/washdata_11012023.xlsx: Migrated 15 records
✅ project0/dataschema/January/washdata_12012023.xlsx: Migrated 20 records
✅ project0/dataschema/January/washdata_13012023.xlsx: Migrated 17 records
✅ project0/dataschema/January/washdata_14012023.xlsx: Migrated 11 records
✅ project0/dataschema/January/washdata_15012023.xlsx: Migrated 18 records
✅ project0/dataschema/January/washdata_16012023.xlsx: Migrated 8 records
✅ project0/dataschema/January/washdata_17012023.xlsx: Migrated 19 records
✅ project0/dataschema/January/washdata_18012023.xlsx: Migrated 11 records
✅ project0/dataschema/January/washdata_19012023.xlsx: Migrated 20 records
✅ project0/dataschema/January/washdata_20012023.xlsx: Migrated 22 records
✅ project0/dataschema/January/washdata_21012023.xlsx: Migrated 12 records
✅ project0/dataschema/January/washdata_22012023.xlsx: Migrated 20 records
✅ project0/dataschema/January/washdata_23012023.xlsx: Migrated 8 records
✅ project0/dataschema/January/washdata_24012023.xlsx: Migrated 24 records
✅ project0/dataschema/January/washdata_25012023.xlsx: Migrated 12 records
✅ project0/dataschema/January/washdata_26012023.xlsx: Migrated 16 records
✅ project0/dataschema/January/washdata_27012023.xlsx: Migrated 19 records
✅ project0/dataschema/January/washdata_28012023.xlsx: Migrated 15 records
✅ project0/dataschema/January/washdata_29012023.xlsx: Migrated 22 records
✅ project0/dataschema/January/washdata_30012023.xlsx: Migrated 24 records
✅ project0/dataschema/January/washdata_31012023.xlsx: Migrated 12 records
✅ project0/dataschema/July/washdata_01072023.xlsx: Migrated 23 records
✅ project0/dataschema/July/washdata_02072023.xlsx: Migrated 12 records
✅ project0/dataschema/July/washdata_03072023.xlsx: Migrated 17 records
✅ project0/dataschema/July/washdata_04072023.xlsx: Migrated 11 records
✅ project0/dataschema/July/washdata_05072023.xlsx: Migrated 18 records
✅ project0/dataschema/July/washdata_06072023.xlsx: Migrated 9 records
✅ project0/dataschema/July/washdata_07072023.xlsx: Migrated 18 records
✅ project0/dataschema/July/washdata_08072023.xlsx: Migrated 23 records
✅ project0/dataschema/July/washdata_09072023.xlsx: Migrated 17 records
✅ project0/dataschema/July/washdata_10072023.xlsx: Migrated 15 records
✅ project0/dataschema/July/washdata_11072023.xlsx: Migrated 23 records
✅ project0/dataschema/July/washdata_12072023.xlsx: Migrated 12 records
✅ project0/dataschema/July/washdata_13072023.xlsx: Migrated 24 records
✅ project0/dataschema/July/washdata_14072023.xlsx: Migrated 22 records
✅ project0/dataschema/July/washdata_15072023.xlsx: Migrated 12 records
✅ project0/dataschema/July/washdata_16072023.xlsx: Migrated 11 records
✅ project0/dataschema/July/washdata_17072023.xlsx: Migrated 22 records
✅ project0/dataschema/July/washdata_18072023.xlsx: Migrated 15 records
✅ project0/dataschema/July/washdata_19072023.xlsx: Migrated 16 records
✅ project0/dataschema/July/washdata_20072023.xlsx: Migrated 10 records
✅ project0/dataschema/July/washdata_21072023.xlsx: Migrated 16 records
✅ project0/dataschema/July/washdata_22072023.xlsx: Migrated 21 records
✅ project0/dataschema/July/washdata_23072023.xlsx: Migrated 22 records
✅ project0/dataschema/July/washdata_24072023.xlsx: Migrated 15 records
✅ project0/dataschema/July/washdata_25072023.xlsx: Migrated 24 records
✅ project0/dataschema/July/washdata_26072023.xlsx: Migrated 11 records
✅ project0/dataschema/July/washdata_27072023.xlsx: Migrated 24 records
✅ project0/dataschema/July/washdata_28072023.xlsx: Migrated 20 records
✅ project0/dataschema/July/washdata_29072023.xlsx: Migrated 18 records
✅ project0/dataschema/July/washdata_30072023.xlsx: Migrated 19 records
✅ project0/dataschema/July/washdata_31072023.xlsx: Migrated 17 records
✅ project0/dataschema/June/washdata_01062023.xlsx: Migrated 20 records
✅ project0/dataschema/June/washdata_02062023.xlsx: Migrated 19 records
✅ project0/dataschema/June/washdata_03062023.xlsx: Migrated 15 records
✅ project0/dataschema/June/washdata_04062023.xlsx: Migrated 24 records
✅ project0/dataschema/June/washdata_05062023.xlsx: Migrated 19 records
✅ project0/dataschema/June/washdata_06062023.xlsx: Migrated 24 records
✅ project0/dataschema/June/washdata_07062023.xlsx: Migrated 19 records
✅ project0/dataschema/June/washdata_08062023.xlsx: Migrated 19 records
✅ project0/dataschema/June/washdata_09062023.xlsx: Migrated 11 records
✅ project0/dataschema/June/washdata_10062023.xlsx: Migrated 9 records
✅ project0/dataschema/June/washdata_11062023.xlsx: Migrated 18 records
✅ project0/dataschema/June/washdata_12062023.xlsx: Migrated 18 records
✅ project0/dataschema/June/washdata_13062023.xlsx: Migrated 23 records
✅ project0/dataschema/June/washdata_14062023.xlsx: Migrated 21 records
✅ project0/dataschema/June/washdata_15062023.xlsx: Migrated 10 records
✅ project0/dataschema/June/washdata_16062023.xlsx: Migrated 20 records
✅ project0/dataschema/June/washdata_17062023.xlsx: Migrated 15 records
✅ project0/dataschema/June/washdata_18062023.xlsx: Migrated 22 records
✅ project0/dataschema/June/washdata_19062023.xlsx: Migrated 19 records
✅ project0/dataschema/June/washdata_20062023.xlsx: Migrated 11 records
✅ project0/dataschema/June/washdata_21062023.xlsx: Migrated 11 records
✅ project0/dataschema/June/washdata_22062023.xlsx: Migrated 9 records
✅ project0/dataschema/June/washdata_23062023.xlsx: Migrated 9 records
✅ project0/dataschema/June/washdata_24062023.xlsx: Migrated 13 records
✅ project0/dataschema/June/washdata_25062023.xlsx: Migrated 24 records
✅ project0/dataschema/June/washdata_26062023.xlsx: Migrated 18 records
✅ project0/dataschema/June/washdata_27062023.xlsx: Migrated 17 records
✅ project0/dataschema/June/washdata_28062023.xlsx: Migrated 9 records
✅ project0/dataschema/June/washdata_29062023.xlsx: Migrated 8 records
✅ project0/dataschema/June/washdata_30062023.xlsx: Migrated 14 records
✅ project0/dataschema/March/washdata_01032023.xlsx: Migrated 15 records
✅ project0/dataschema/March/washdata_02032023.xlsx: Migrated 10 records
✅ project0/dataschema/March/washdata_03032023.xlsx: Migrated 21 records
✅ project0/dataschema/March/washdata_04032023.xlsx: Migrated 12 records
✅ project0/dataschema/March/washdata_05032023.xlsx: Migrated 23 records
✅ project0/dataschema/March/washdata_06032023.xlsx: Migrated 11 records
✅ project0/dataschema/March/washdata_07032023.xlsx: Migrated 24 records
✅ project0/dataschema/March/washdata_08032023.xlsx: Migrated 23 records
✅ project0/dataschema/March/washdata_09032023.xlsx: Migrated 20 records
✅ project0/dataschema/March/washdata_10032023.xlsx: Migrated 13 records
✅ project0/dataschema/March/washdata_11032023.xlsx: Migrated 16 records
✅ project0/dataschema/March/washdata_12032023.xlsx: Migrated 9 records
✅ project0/dataschema/March/washdata_13032023.xlsx: Migrated 14 records
✅ project0/dataschema/March/washdata_14032023.xlsx: Migrated 11 records
✅ project0/dataschema/March/washdata_15032023.xlsx: Migrated 24 records
✅ project0/dataschema/March/washdata_16032023.xlsx: Migrated 19 records
✅ project0/dataschema/March/washdata_17032023.xlsx: Migrated 20 records
✅ project0/dataschema/March/washdata_18032023.xlsx: Migrated 18 records
✅ project0/dataschema/March/washdata_19032023.xlsx: Migrated 12 records
✅ project0/dataschema/March/washdata_20032023.xlsx: Migrated 23 records
✅ project0/dataschema/March/washdata_21032023.xlsx: Migrated 8 records
✅ project0/dataschema/March/washdata_22032023.xlsx: Migrated 16 records
✅ project0/dataschema/March/washdata_23032023.xlsx: Migrated 12 records
✅ project0/dataschema/March/washdata_24032023.xlsx: Migrated 15 records
✅ project0/dataschema/March/washdata_25032023.xlsx: Migrated 11 records
✅ project0/dataschema/March/washdata_26032023.xlsx: Migrated 15 records
✅ project0/dataschema/March/washdata_27032023.xlsx: Migrated 10 records
✅ project0/dataschema/March/washdata_28032023.xlsx: Migrated 11 records
✅ project0/dataschema/March/washdata_29032023.xlsx: Migrated 14 records
✅ project0/dataschema/March/washdata_30032023.xlsx: Migrated 13 records
✅ project0/dataschema/March/washdata_31032023.xlsx: Migrated 23 records
✅ project0/dataschema/May/washdata_01052023.xlsx: Migrated 12 records
✅ project0/dataschema/May/washdata_02052023.xlsx: Migrated 18 records
✅ project0/dataschema/May/washdata_03052023.xlsx: Migrated 15 records
✅ project0/dataschema/May/washdata_04052023.xlsx: Migrated 18 records
✅ project0/dataschema/May/washdata_05052023.xlsx: Migrated 16 records
✅ project0/dataschema/May/washdata_06052023.xlsx: Migrated 16 records
✅ project0/dataschema/May/washdata_07052023.xlsx: Migrated 17 records
✅ project0/dataschema/May/washdata_08052023.xlsx: Migrated 22 records
✅ project0/dataschema/May/washdata_09052023.xlsx: Migrated 24 records
✅ project0/dataschema/May/washdata_10052023.xlsx: Migrated 20 records
✅ project0/dataschema/May/washdata_11052023.xlsx: Migrated 15 records
✅ project0/dataschema/May/washdata_12052023.xlsx: Migrated 10 records
✅ project0/dataschema/May/washdata_13052023.xlsx: Migrated 24 records
✅ project0/dataschema/May/washdata_14052023.xlsx: Migrated 9 records
✅ project0/dataschema/May/washdata_15052023.xlsx: Migrated 21 records
✅ project0/dataschema/May/washdata_16052023.xlsx: Migrated 8 records
✅ project0/dataschema/May/washdata_17052023.xlsx: Migrated 16 records
✅ project0/dataschema/May/washdata_18052023.xlsx: Migrated 20 records
✅ project0/dataschema/May/washdata_19052023.xlsx: Migrated 24 records
✅ project0/dataschema/May/washdata_20052023.xlsx: Migrated 20 records
✅ project0/dataschema/May/washdata_21052023.xlsx: Migrated 11 records
✅ project0/dataschema/May/washdata_22052023.xlsx: Migrated 22 records
✅ project0/dataschema/May/washdata_23052023.xlsx: Migrated 15 records
✅ project0/dataschema/May/washdata_24052023.xlsx: Migrated 18 records
✅ project0/dataschema/May/washdata_25052023.xlsx: Migrated 12 records
✅ project0/dataschema/May/washdata_26052023.xlsx: Migrated 8 records
✅ project0/dataschema/May/washdata_27052023.xlsx: Migrated 11 records
✅ project0/dataschema/May/washdata_28052023.xlsx: Migrated 11 records
✅ project0/dataschema/May/washdata_29052023.xlsx: Migrated 12 records
✅ project0/dataschema/May/washdata_30052023.xlsx: Migrated 8 records
✅ project0/dataschema/May/washdata_31052023.xlsx: Migrated 22 records
✅ project0/dataschema/November/washdata_01112023.xlsx: Migrated 21 records
✅ project0/dataschema/November/washdata_02112023.xlsx: Migrated 13 records
✅ project0/dataschema/November/washdata_03112023.xlsx: Migrated 20 records
✅ project0/dataschema/November/washdata_04112023.xlsx: Migrated 11 records
✅ project0/dataschema/November/washdata_05112023.xlsx: Migrated 14 records
✅ project0/dataschema/November/washdata_06112023.xlsx: Migrated 22 records
✅ project0/dataschema/November/washdata_07112023.xlsx: Migrated 19 records
✅ project0/dataschema/November/washdata_08112023.xlsx: Migrated 18 records
✅ project0/dataschema/November/washdata_09112023.xlsx: Migrated 23 records
✅ project0/dataschema/November/washdata_10112023.xlsx: Migrated 18 records
✅ project0/dataschema/November/washdata_11112023.xlsx: Migrated 24 records
✅ project0/dataschema/November/washdata_12112023.xlsx: Migrated 19 records
✅ project0/dataschema/November/washdata_13112023.xlsx: Migrated 9 records
✅ project0/dataschema/November/washdata_14112023.xlsx: Migrated 12 records
✅ project0/dataschema/November/washdata_15112023.xlsx: Migrated 12 records
✅ project0/dataschema/November/washdata_16112023.xlsx: Migrated 20 records
✅ project0/dataschema/November/washdata_17112023.xlsx: Migrated 20 records
✅ project0/dataschema/November/washdata_18112023.xlsx: Migrated 24 records
✅ project0/dataschema/November/washdata_19112023.xlsx: Migrated 19 records
✅ project0/dataschema/November/washdata_20112023.xlsx: Migrated 10 records
✅ project0/dataschema/November/washdata_21112023.xlsx: Migrated 22 records
✅ project0/dataschema/November/washdata_22112023.xlsx: Migrated 24 records
✅ project0/dataschema/November/washdata_23112023.xlsx: Migrated 20 records
✅ project0/dataschema/November/washdata_24112023.xlsx: Migrated 20 records
✅ project0/dataschema/November/washdata_25112023.xlsx: Migrated 19 records
✅ project0/dataschema/November/washdata_26112023.xlsx: Migrated 11 records
✅ project0/dataschema/November/washdata_27112023.xlsx: Migrated 12 records
✅ project0/dataschema/November/washdata_28112023.xlsx: Migrated 9 records
✅ project0/dataschema/November/washdata_29112023.xlsx: Migrated 21 records
✅ project0/dataschema/November/washdata_30112023.xlsx: Migrated 22 records
✅ project0/dataschema/October/washdata_01102023.xlsx: Migrated 10 records
✅ project0/dataschema/October/washdata_02102023.xlsx: Migrated 24 records
✅ project0/dataschema/October/washdata_03102023.xlsx: Migrated 17 records
✅ project0/dataschema/October/washdata_04102023.xlsx: Migrated 19 records
✅ project0/dataschema/October/washdata_05102023.xlsx: Migrated 8 records
✅ project0/dataschema/October/washdata_06102023.xlsx: Migrated 11 records
✅ project0/dataschema/October/washdata_07102023.xlsx: Migrated 11 records
✅ project0/dataschema/October/washdata_08102023.xlsx: Migrated 18 records
✅ project0/dataschema/October/washdata_09102023.xlsx: Migrated 20 records
✅ project0/dataschema/October/washdata_10102023.xlsx: Migrated 23 records
✅ project0/dataschema/October/washdata_11102023.xlsx: Migrated 8 records
✅ project0/dataschema/October/washdata_12102023.xlsx: Migrated 13 records
✅ project0/dataschema/October/washdata_13102023.xlsx: Migrated 18 records
✅ project0/dataschema/October/washdata_14102023.xlsx: Migrated 9 records
✅ project0/dataschema/October/washdata_15102023.xlsx: Migrated 24 records
✅ project0/dataschema/October/washdata_16102023.xlsx: Migrated 16 records
✅ project0/dataschema/October/washdata_17102023.xlsx: Migrated 20 records
✅ project0/dataschema/October/washdata_18102023.xlsx: Migrated 15 records
✅ project0/dataschema/October/washdata_19102023.xlsx: Migrated 12 records
✅ project0/dataschema/October/washdata_20102023.xlsx: Migrated 10 records
✅ project0/dataschema/October/washdata_21102023.xlsx: Migrated 16 records
✅ project0/dataschema/October/washdata_22102023.xlsx: Migrated 20 records
✅ project0/dataschema/October/washdata_23102023.xlsx: Migrated 14 records
✅ project0/dataschema/October/washdata_24102023.xlsx: Migrated 12 records
✅ project0/dataschema/October/washdata_25102023.xlsx: Migrated 10 records
✅ project0/dataschema/October/washdata_26102023.xlsx: Migrated 14 records
✅ project0/dataschema/October/washdata_27102023.xlsx: Migrated 10 records
✅ project0/dataschema/October/washdata_28102023.xlsx: Migrated 8 records
✅ project0/dataschema/October/washdata_29102023.xlsx: Migrated 8 records
✅ project0/dataschema/October/washdata_30102023.xlsx: Migrated 24 records
✅ project0/dataschema/October/washdata_31102023.xlsx: Migrated 23 records
✅ project0/dataschema/September/washdata_01092023.xlsx: Migrated 19 records
✅ project0/dataschema/September/washdata_02092023.xlsx: Migrated 22 records
✅ project0/dataschema/September/washdata_03092023.xlsx: Migrated 22 records
✅ project0/dataschema/September/washdata_04092023.xlsx: Migrated 21 records
✅ project0/dataschema/September/washdata_05092023.xlsx: Migrated 22 records
✅ project0/dataschema/September/washdata_06092023.xlsx: Migrated 12 records
✅ project0/dataschema/September/washdata_07092023.xlsx: Migrated 24 records
✅ project0/dataschema/September/washdata_08092023.xlsx: Migrated 20 records
✅ project0/dataschema/September/washdata_09092023.xlsx: Migrated 12 records
✅ project0/dataschema/September/washdata_10092023.xlsx: Migrated 11 records
✅ project0/dataschema/September/washdata_11092023.xlsx: Migrated 20 records
✅ project0/dataschema/September/washdata_12092023.xlsx: Migrated 10 records
✅ project0/dataschema/September/washdata_13092023.xlsx: Migrated 23 records
✅ project0/dataschema/September/washdata_14092023.xlsx: Migrated 23 records
✅ project0/dataschema/September/washdata_15092023.xlsx: Migrated 8 records
✅ project0/dataschema/September/washdata_16092023.xlsx: Migrated 19 records
✅ project0/dataschema/September/washdata_17092023.xlsx: Migrated 9 records
✅ project0/dataschema/September/washdata_18092023.xlsx: Migrated 18 records
✅ project0/dataschema/September/washdata_19092023.xlsx: Migrated 20 records
✅ project0/dataschema/September/washdata_20092023.xlsx: Migrated 22 records
✅ project0/dataschema/September/washdata_21092023.xlsx: Migrated 12 records
✅ project0/dataschema/September/washdata_22092023.xlsx: Migrated 21 records
✅ project0/dataschema/September/washdata_23092023.xlsx: Migrated 9 records
✅ project0/dataschema/September/washdata_24092023.xlsx: Migrated 16 records
✅ project0/dataschema/September/washdata_25092023.xlsx: Migrated 17 records
✅ project0/dataschema/September/washdata_26092023.xlsx: Migrated 15 records
✅ project0/dataschema/September/washdata_27092023.xlsx: Migrated 8 records
✅ project0/dataschema/September/washdata_28092023.xlsx: Migrated 17 records
✅ project0/dataschema/September/washdata_29092023.xlsx: Migrated 10 records
✅ project0/dataschema/September/washdata_30092023.xlsx: Migrated 18 records

📊 Migration Summary:
   Total files: 365
   Successful: 365
   Total records: 5848
   Status: ✅ Success
